Microchip MPLAB XC8 Compiler V1.45 ()

Linker command line:

-W-3 --edf=C:\Program Files (x86)\Microchip\xc8\v1.45\dat\en_msgs.txt -cs \
  -h+dist/default/production\U201_Firmware.production.sym \
  --cmf=dist/default/production\U201_Firmware.production.cmf -z -Q18LF67K40 \
  -oC:\Users\DREWMA~1\AppData\Local\Temp\sbe0.2 \
  -Mdist/default/production/U201_Firmware.production.map -E1 -ver=XC8 \
  --acfsm=1493 -ASTACK=0240h-0de9h -pstack=STACK -ACODE=00h-01FFFFh \
  -ACONST=00h-01FFFFh -ASMALLCONST=0E00h-0EFFhx498 \
  -AMEDIUMCONST=0E00h-0FFFFh,010E00h-01FFFFh -ACOMRAM=01h-05Fh \
  -AABS1=00h-0DE9h -ABIGRAM=01h-0DE9h \
  -ARAM=060h-0FFh,0100h-01FFhx12,0D00h-0DE9h -ABANK0=060h-0FFh \
  -ABANK1=0100h-01FFh -ABANK2=0200h-02FFh -ABANK3=0300h-03FFh \
  -ABANK4=0400h-04FFh -ABANK5=0500h-05FFh -ABANK6=0600h-06FFh \
  -ABANK7=0700h-07FFh -ABANK8=0800h-08FFh -ABANK9=0900h-09FFh \
  -ABANK10=0A00h-0AFFh -ABANK11=0B00h-0BFFh -ABANK12=0C00h-0CFFh \
  -ABANK13=0D00h-0DE9h \
  -ASFR=0DEFh-0DFFh,0E00h-0EFFh,0F00h-0F5Fh,0F60h-0FFFh \
  -preset_vec=00h,intcode=08h,intcodelo,powerup,init -pramtop=0E00h \
  -psmallconst=SMALLCONST -pmediumconst=MEDIUMCONST -pconst=CONST \
  -AFARRAM=00h-00h -ACONFIG=0300000h-030000Bh -pconfig=CONFIG \
  -AIDLOC=0200000h-020000Fh -pidloc=IDLOC -AEEDATA=0310000h-03103FFh \
  -peeprom_data=EEDATA \
  -prdata=COMRAM,nvrram=COMRAM,nvbit=COMRAM,rbss=COMRAM,rbit=COMRAM \
  -pfarbss=FARRAM,fardata=FARRAM,nvFARRAM=FARRAM \
  -pintsave_regs=BIGRAM,bigbss=BIGRAM,bigdata=BIGRAM -pbss=RAM \
  -pidata=CODE,irdata=CODE,ibigdata=CODE,ifardata=CODE -prparam=COMRAM \
  C:\Users\DREWMA~1\AppData\Local\Temp\sbe0.obj \
  dist/default/production\U201_Firmware.production.obj 

Object code version is 3.11

Machine type is 18LF67K40

Call graph: (short form)




                Name                               Link     Load   Length Selector   Space Scale
C:\Users\DREWMA~1\AppData\Local\Temp\sbe0.obj
                init                                 E4       E4        4        4       0
                reset_vec                             0        0        4        0       0
                idloc                            200000   200000       10   200000       0
                config                           300000   300000        C   300000       0
dist/default/production\U201_Firmware.production.obj
                intcode                               8        8       DC        4       0
                temp                                 46       46        1        1       1
                mediumconst                        FD3E     FD3E      2C2     7E9F       0
                text86                            11C74    11C74       30     8000       0
                text85                            11E80    11E80       1E     8000       0
                text84                            11F52    11F52       18     8000       0
                text83                            11DC8    11DC8       28     8000       0
                text82                            109AE    109AE      134     8000       0
                text81                            11FB2    11FB2       10     8000       0
                text80                            11C12    11C12       32     8000       0
                text79                            11BE0    11BE0       32     8000       0
                text78                            11628    11628       62     8000       0
                text77                            11F3A    11F3A       18     8000       0
                text76                            10862    10862      14C     8000       0
                text75                            11552    11552       70     8000       0
                text74                            12018    12018        A     8000       0
                text73                            119C2    119C2       3C     8000       0
                text72                            1200E    1200E        A     8000       0
                text71                            11CA4    11CA4       2E     8000       0
                text70                            112B6    112B6       9A     8000       0
                text69                            11BAE    11BAE       32     8000       0
                text67                            11CD2    11CD2       2C     8000       0
                text66                            10BFC    10BFC      112     8000       0
                text65                            11AA8    11AA8       38     8000       0
                text64                            11174    11174       A8     8000       0
                text63                            11E3A    11E3A       24     8000       0
                text62                            1168A    1168A       60     8000       0
                text61                            10D0E    10D0E      100     8000       0
                text60                            1203E    1203E        2     9016       0
                text59                            11DA0    11DA0       28     8000       0
                text58                            114DC    114DC       76     8000       0
                text57                            10E0E    10E0E       EC     8000       0
                text56                            10FE4    10FE4       CC     8000       0
                text55                            10710    10710      152     8000       0
                text54                            11B48    11B48       34     8000       0
                text53                            11B14    11B14       34     8000       0
                text52                            110B0    110B0       C4     8000       0
                text51                            11F08    11F08       1A     8000       0
                text50                            12038    12038        4     9016       0
                text49                            11CFE    11CFE       2A     8000       0
                text48                            1041A    1041A      18C     8000       0
                text47                            1203C    1203C        2     9016       0
                text46                            10000    10000      254     8000       0
                text45                            11838    11838       4E     8000       0
                text44                            11DF0    11DF0       26     8000       0
                text43                            11FA0    11FA0       12     8000       0
                text42                            11F8E    11F8E       12     8000       0
                text41                            10EFA    10EFA       EA     8000       0
                text40                            11E5E    11E5E       22     8000       0
                text39                            11E16    11E16       24     8000       0
                text38                            11AE0    11AE0       34     8000       0
                text37                            115C2    115C2       66     8000       0
                text36                            11EEE    11EEE       1A     8000       0
                text35                            11ED4    11ED4       1A     8000       0
                text34                            105A6    105A6      16A     8000       0
                text33                            11886    11886       46     8000       0
                text32                            11F7C    11F7C       12     8000       0
                text31                            11C44    11C44       30     8000       0
                text30                            11748    11748       52     8000       0
                text29                            11D78    11D78       28     8000       0
                text28                            12032    12032        6     9016       0
                text27                            12004    12004        A     8000       0
                text26                            11D50    11D50       28     8000       0
                text25                            11FDE    11FDE        E     8000       0
                text24                            11FD0    11FD0        E     8000       0
                text23                            116EA    116EA       5E     8000       0
                text22                            11FF8    11FF8        C     8000       0
                text21                            117EA    117EA       4E     8000       0
                text20                            11A70    11A70       38     8000       0
                text19                            11D28    11D28       28     8000       0
                text18                            11462    11462       7A     8000       0
                text17                            11A38    11A38       38     8000       0
                text16                            11948    11948       3E     8000       0
                text15                            1202C    1202C        6     9016       0
                text14                            11F6A    11F6A       12     8000       0
                text13                            11F22    11F22       18     8000       0
                text12                            1121C    1121C       9A     8000       0
                text11                            11E9E    11E9E       1C     8000       0
                text10                            11EBA    11EBA       1A     8000       0
                text9                             1190A    1190A       3E     8000       0
                text8                             11FC2    11FC2        E     8000       0
                text7                             11B7C    11B7C       32     8000       0
                text6                             119FE    119FE       3A     8000       0
                text5                             11986    11986       3C     8000       0
                text4                             1179A    1179A       50     8000       0
                text3                             10254    10254      1C6     8000       0
                text2                             118CC    118CC       3E     8000       0
                text1                             10AE2    10AE2      11A     8000       0
                text0                             11350    11350       98     8000       0
                cstackCOMRAM                          1        1       21        1       1
                cstackBANK0                          B5       B5       17       60       1
                bssBANK2                            200      200       40      200       1
                bssBANK1                            100      100       D0      100       1
                dataBANK0                            CC       CC        9       60       1
                bssBANK0                             60       60       55       60       1
                dataCOMRAM                           36       36        C        1       1
                bssCOMRAM                            22       22       14        1       1
                cinit                             113E8    113E8       7A     8000       0
                nvBANK0                              D5       D5        3       60       1
                nvCOMRAM                             42       42        4        1       1
                idataBANK0                        12022    12022        9     8000       0
                idataCOMRAM                       11FEC    11FEC        C     8000       0

TOTAL           Name                               Link     Load   Length     Space
        CLASS   STACK          

        CLASS   CODE           
                intcode                               8        8       DC         0
                init                                 E4       E4        4         0
                reset_vec                             0        0        4         0
                text86                            11C74    11C74       30         0
                text85                            11E80    11E80       1E         0
                text84                            11F52    11F52       18         0
                text83                            11DC8    11DC8       28         0
                text82                            109AE    109AE      134         0
                text81                            11FB2    11FB2       10         0
                text80                            11C12    11C12       32         0
                text79                            11BE0    11BE0       32         0
                text78                            11628    11628       62         0
                text77                            11F3A    11F3A       18         0
                text76                            10862    10862      14C         0
                text75                            11552    11552       70         0
                text74                            12018    12018        A         0
                text73                            119C2    119C2       3C         0
                text72                            1200E    1200E        A         0
                text71                            11CA4    11CA4       2E         0
                text70                            112B6    112B6       9A         0
                text69                            11BAE    11BAE       32         0
                text67                            11CD2    11CD2       2C         0
                text66                            10BFC    10BFC      112         0
                text65                            11AA8    11AA8       38         0
                text64                            11174    11174       A8         0
                text63                            11E3A    11E3A       24         0
                text62                            1168A    1168A       60         0
                text61                            10D0E    10D0E      100         0
                text60                            1203E    1203E        2         0
                text59                            11DA0    11DA0       28         0
                text58                            114DC    114DC       76         0
                text57                            10E0E    10E0E       EC         0
                text56                            10FE4    10FE4       CC         0
                text55                            10710    10710      152         0
                text54                            11B48    11B48       34         0
                text53                            11B14    11B14       34         0
                text52                            110B0    110B0       C4         0
                text51                            11F08    11F08       1A         0
                text50                            12038    12038        4         0
                text49                            11CFE    11CFE       2A         0
                text48                            1041A    1041A      18C         0
                text47                            1203C    1203C        2         0
                text46                            10000    10000      254         0
                text45                            11838    11838       4E         0
                text44                            11DF0    11DF0       26         0
                text43                            11FA0    11FA0       12         0
                text42                            11F8E    11F8E       12         0
                text41                            10EFA    10EFA       EA         0
                text40                            11E5E    11E5E       22         0
                text39                            11E16    11E16       24         0
                text38                            11AE0    11AE0       34         0
                text37                            115C2    115C2       66         0
                text36                            11EEE    11EEE       1A         0
                text35                            11ED4    11ED4       1A         0
                text34                            105A6    105A6      16A         0
                text33                            11886    11886       46         0
                text32                            11F7C    11F7C       12         0
                text31                            11C44    11C44       30         0
                text30                            11748    11748       52         0
                text29                            11D78    11D78       28         0
                text28                            12032    12032        6         0
                text27                            12004    12004        A         0
                text26                            11D50    11D50       28         0
                text25                            11FDE    11FDE        E         0
                text24                            11FD0    11FD0        E         0
                text23                            116EA    116EA       5E         0
                text22                            11FF8    11FF8        C         0
                text21                            117EA    117EA       4E         0
                text20                            11A70    11A70       38         0
                text19                            11D28    11D28       28         0
                text18                            11462    11462       7A         0
                text17                            11A38    11A38       38         0
                text16                            11948    11948       3E         0
                text15                            1202C    1202C        6         0
                text14                            11F6A    11F6A       12         0
                text13                            11F22    11F22       18         0
                text12                            1121C    1121C       9A         0
                text11                            11E9E    11E9E       1C         0
                text10                            11EBA    11EBA       1A         0
                text9                             1190A    1190A       3E         0
                text8                             11FC2    11FC2        E         0
                text7                             11B7C    11B7C       32         0
                text6                             119FE    119FE       3A         0
                text5                             11986    11986       3C         0
                text4                             1179A    1179A       50         0
                text3                             10254    10254      1C6         0
                text2                             118CC    118CC       3E         0
                text1                             10AE2    10AE2      11A         0
                text0                             11350    11350       98         0
                cinit                             113E8    113E8       7A         0
                idataBANK0                        12022    12022        9         0
                idataCOMRAM                       11FEC    11FEC        C         0

        CLASS   CONST          

        CLASS   SMALLCONST     

        CLASS   MEDIUMCONST    
                mediumconst                        FD3E     FD3E      2C2         0

        CLASS   COMRAM         
                temp                                 46       46        1         1
                cstackCOMRAM                          1        1       21         1
                dataCOMRAM                           36       36        C         1
                bssCOMRAM                            22       22       14         1
                nvCOMRAM                             42       42        4         1

        CLASS   ABS1           

        CLASS   BIGRAM         

        CLASS   RAM            

        CLASS   BANK0          
                cstackBANK0                          B5       B5       17         1
                dataBANK0                            CC       CC        9         1
                bssBANK0                             60       60       55         1
                nvBANK0                              D5       D5        3         1

        CLASS   BANK1          
                bssBANK1                            100      100       D0         1

        CLASS   BANK2          
                bssBANK2                            200      200       40         1

        CLASS   BANK3          

        CLASS   BANK4          

        CLASS   BANK5          

        CLASS   BANK6          

        CLASS   BANK7          

        CLASS   BANK8          

        CLASS   BANK9          

        CLASS   BANK10         

        CLASS   BANK11         

        CLASS   BANK12         

        CLASS   BANK13         

        CLASS   SFR            

        CLASS   FARRAM         

        CLASS   CONFIG         
                config                           300000   300000        C         0

        CLASS   IDLOC          
                idloc                            200000   200000       10         0

        CLASS   EEDATA         



SEGMENTS        Name                           Load    Length   Top    Selector   Space  Class

                reset_vec                      000000  000004  000004         0       0  CODE    
                cstackCOMRAM                   000001  000046  000047         1       1  COMRAM  
                intcode                        000008  0000E0  0000E8         4       0  CODE    
                bssBANK0                       000060  000078  0000D8        60       1  BANK0   
                bssBANK1                       000100  0000D0  0001D0       100       1  BANK1   
                bssBANK2                       000200  000040  000240       200       1  BANK2   
                mediumconst                    00FD3E  0002C2  010000      7E9F       0  MEDIUMCO
                text46                         010000  00202B  01202B      8000       0  CODE    
                text15                         01202C  000014  012040      9016       0  CODE    
                idloc                          200000  000010  200010    200000       0  IDLOC   
                config                         300000  00000C  30000C    300000       0  CONFIG  


UNUSED ADDRESS RANGES

        Name                Unused          Largest block    Delta
        BANK0            0000D8-0000FF               28
        BANK1            0001D0-0001FF               30
        BANK10           000A00-000AFF              100
        BANK11           000B00-000BFF              100
        BANK12           000C00-000CFF              100
        BANK13           000D00-000DE9               EA
        BANK2            000240-0002FF               C0
        BANK3            000300-0003FF              100
        BANK4            000400-0004FF              100
        BANK5            000500-0005FF              100
        BANK6            000600-0006FF              100
        BANK7            000700-0007FF              100
        BANK8            000800-0008FF              100
        BANK9            000900-0009FF              100
        BIGRAM           000047-00005F               19
                         0000D8-0000FF               28
                         0001D0-0001FF               30
                         000240-000DE9              BAA
        CODE             000004-000007                4
                         0000E8-00FD3D             FC56
                         01202B-01202B                1
                         012040-01FFFF             DFC0
        COMRAM           000047-00005F               19
        CONST            000004-000007                4
                         0000E8-00FD3D             FC56
                         01202B-01202B                1
                         012040-01FFFF             DFC0
        EEDATA           310000-3103FF              400
        MEDIUMCONST      000E00-00FD3D             EF3E
                         01202B-01202B                1
                         012040-01FFFF             DFC0
        RAM              0000D8-0000FF               28
                         0001D0-0001FF               30
                         000240-000DE9              100
        SFR              000DEF-000FFF              100
        SMALLCONST       000E00-00FD3D              100
                         01202B-01202B                1
                         012040-01FFFF              100
        STACK            000240-000DE9              BAA

                                  Symbol Table

?_MTOUCH_Sensor_RawSample_Get                                     cstackBANK0  0000B5
?_abs                                                             cstackBANK0  0000B5
?_medianFilter                                                    cstackBANK0  0000B5
?_printf                                                          cstackBANK0  0000B7
?_strcmp                                                          cstackBANK0  0000B5
?_strlen                                                          cstackBANK0  0000B5
?i2_abs                                                           cstackCOMRAM 000001
?i2_printf                                                        cstackCOMRAM 000003
Button_Baseline_Initialize@button                                 cstackBANK0  0000B8
Button_Baseline_Update@button                                     cstackBANK0  0000B5
Button_Deviation_Update@button                                    cstackBANK0  0000B5
Button_Deviation_Update@deviation                                 cstackBANK0  0000BD
Button_Reading_Update@button                                      cstackBANK0  0000BC
Button_Reading_Update_Helper@button                               cstackBANK0  0000B8
Button_Service@button                                             cstackBANK0  0000C7
Button_Service@name                                               cstackBANK0  0000C6
Button_State_Initializing@button                                  cstackBANK0  0000BE
Button_State_NotPressed@button                                    cstackBANK0  0000BE
Button_State_Pressed@button                                       cstackBANK0  0000BE
Button_Tick_helper@button                                         cstackBANK0  0000B5
EUSART2_Read@readValue                                            cstackBANK0  0000B5
EUSART2_SetRxInterruptHandler@interruptHandler                    cstackBANK0  0000B5
EUSART2_SetTxInterruptHandler@interruptHandler                    cstackBANK0  0000B5
EUSART2_Write@txData                                              cstackBANK0  0000B5
MTOUCH_Button_Initialize@button                                   cstackBANK0  0000B7
MTOUCH_Button_Initialize@name                                     cstackBANK0  0000B6
MTOUCH_Button_InitializeAll@button                                cstackBANK0  0000C0
MTOUCH_Button_ServiceAll@button                                   cstackBANK0  0000C9
MTOUCH_Button_State_Get@name                                      cstackBANK0  0000B5
MTOUCH_Button_Tick@i                                              cstackBANK0  0000B9
MTOUCH_Sensor_Calibrate@sensor                                    cstackBANK0  0000B5
MTOUCH_Sensor_Enable@sensor                                       cstackBANK0  0000B5
MTOUCH_Sensor_Initialize@sensor                                   cstackBANK0  0000B7
MTOUCH_Sensor_InitializeAll@sensor                                cstackBANK0  0000C0
MTOUCH_Sensor_RawSample_Get@name                                  cstackBANK0  0000B7
MTOUCH_Sensor_SampleAll@sensor                                    cstackBANK0  0000CA
MTOUCH_Sensor_Sampled_ResetAll@sensor                             cstackBANK0  0000B7
MTOUCH_Sensor_Service@sensor                                      cstackCOMRAM 00000E
MTOUCH_Sensor_isCalibrated@sensor                                 cstackBANK0  0000B5
MTOUCH_Sensor_isEnabled@sensor                                    cstackBANK0  0000B5
MTOUCH_Sensor_wasSampled@sensor                                   cstackBANK0  0000B5
MTOUCH_needReburst@needReburst                                    cstackBANK0  0000B5
Sensor_FrequencyHopping@sensor                                    cstackBANK0  0000C9
Sensor_FrequencyHopping_Autotune_Process@frequencyIndex           cstackBANK0  0000C6
Sensor_FrequencyHopping_Autotune_Process@maxVariance              cstackBANK0  0000C2
Sensor_FrequencyHopping_Autotune_Process@newfrequencyFound        cstackBANK0  0000BF
Sensor_FrequencyHopping_Autotune_Process@selectedFrequency        cstackBANK0  0000C4
Sensor_FrequencyHopping_Autotune_Process@sensor                   cstackBANK0  0000C5
Sensor_FrequencyHopping_Autotune_Process@variance                 cstackBANK0  0000C0
Sensor_FrequencyHopping_Autotune_Process@varianceOverLimitCounter bssCOMRAM    000027
Sensor_RawSample_Update@result                                    cstackBANK0  0000BE
Sensor_RawSample_Update@sensor                                    cstackBANK0  0000BC
Sensor_Sampled_Reset@sensor                                       cstackBANK0  0000B5
Sensor_SetTrisBit@TrisBit                                         cstackBANK0  0000B5
Sensor_SetTrisBit@sensor                                          cstackBANK0  0000B6
Sensor_autoCalibration@name                                       cstackCOMRAM 00000D
Sensor_autoCalibration@sensor                                     cstackCOMRAM 000005
Sensor_isCalibrated@sensor                                        cstackBANK0  0000B5
Sensor_isCalibratingAcqTime@sensor                                cstackBANK0  0000B5
Sensor_isEnabled@sensor                                           cstackBANK0  0000B5
Sensor_postAcquisitionProcess@name                                cstackBANK0  0000C6
Sensor_postAcquisitionProcess@sensor                              cstackBANK0  0000C7
Sensor_scheduleNextScan@sensor                                    cstackBANK0  0000BB
Sensor_scheduleNextScan@skipScan                                  cstackBANK0  0000BA
Sensor_scheduleNextScan@state                                     cstackBANK0  0000B9
Sensor_setActive@sensor                                           cstackBANK0  0000B5
Sensor_setCalibratAcqTime@sensor                                  cstackCOMRAM 000001
Sensor_setCalibrated@sensor                                       cstackCOMRAM 000001
Sensor_setInactive@sensor                                         cstackBANK0  0000B5
Sensor_setSampled@sensor                                          cstackCOMRAM 000001
_ADACC                                                            (abs)        000F70
_ADACQ                                                            (abs)        000F5C
_ADCAP                                                            (abs)        000F5D
_ADCC_ThresholdISR_mTouch                                         text74       012018
_ADCLK                                                            (abs)        000F57
_ADCON0                                                           (abs)        000F60
_ADCON0bits                                                       (abs)        000F60
_ADCON1                                                           (abs)        000F59
_ADCON2                                                           (abs)        000F5A
_ADCON3                                                           (abs)        000F5B
_ADFLTR                                                           (abs)        000F72
_ADLTHH                                                           (abs)        000F6B
_ADLTHL                                                           (abs)        000F6A
_ADPCH                                                            (abs)        000F5F
_ADPRE                                                            (abs)        000F5E
_ADREF                                                            (abs)        000F58
_ADRPT                                                            (abs)        000F66
_ADSTPTH                                                          (abs)        000F69
_ADSTPTL                                                          (abs)        000F68
_ADUTHH                                                           (abs)        000F6D
_ADUTHL                                                           (abs)        000F6C
_ANSELA                                                           (abs)        000E92
_ANSELB                                                           (abs)        000E9A
_ANSELD                                                           (abs)        000EA7
_ANSELE                                                           (abs)        000EAF
_ANSELEbits                                                       (abs)        000EAF
_ANSELF                                                           (abs)        000EB4
_ANSELG                                                           (abs)        000EBC
_BAUD2CON                                                         (abs)        000EF7
_Button_Baseline_Initialize                                       text62       01168A
_Button_Baseline_Update                                           text61       010D0E
_Button_DefaultCallback                                           text60       01203E
_Button_Deviation_Update                                          text66       010BFC
_Button_Reading_Update                                            text63       011E3A
_Button_Reading_Update_Helper                                     text64       011174
_Button_Service                                                   text52       0110B0
_Button_StateMachine                                              dataBANK0    0000CC
_Button_State_Initializing                                        text56       010FE4
_Button_State_NotPressed                                          text55       010710
_Button_State_Pressed                                             text57       010E0E
_Button_Tick_helper                                               text30       011748
_EUSART2_Initialize                                               text23       0116EA
_EUSART2_Read                                                     text5        011986
_EUSART2_Receive_ISR                                              text70       0112B6
_EUSART2_RxDefaultInterruptHandler                                nvBANK0      0000D5
_EUSART2_SetRxInterruptHandler                                    text25       011FDE
_EUSART2_SetTxInterruptHandler                                    text24       011FD0
_EUSART2_Transmit_ISR                                             text69       011BAE
_EUSART2_TxDefaultInterruptHandler                                nvCOMRAM     000042
_EUSART2_Write                                                    text9        01190A
_GIE                                                              (abs)        007F97
_INTCONbits                                                       (abs)        000FF2
_INTERRUPT_Initialize                                             text22       011FF8
_INTERRUPT_InterruptManagerHigh                                   intcode      000008
_IPR1bits                                                         (abs)        000E20
_IPR3bits                                                         (abs)        000E22
_LATA                                                             (abs)        000F79
_LATB                                                             (abs)        000F7A
_LATC                                                             (abs)        000F7B
_LATD                                                             (abs)        000F7C
_LATE                                                             (abs)        000F7D
_LATF                                                             (abs)        000F7E
_LATFbits                                                         (abs)        000F7E
_LATG                                                             (abs)        000F7F
_LATH                                                             (abs)        000F80
_MTOUCH_Button_Initialize                                         text58       0114DC
_MTOUCH_Button_InitializeAll                                      text20       011A70
_MTOUCH_Button_ServiceAll                                         text51       011F08
_MTOUCH_Button_State_Get                                          text67       011CD2
_MTOUCH_Button_Tick                                               text29       011D78
_MTOUCH_Initialize                                                text14       011F6A
_MTOUCH_Sensor_ADCC_Initialize                                    text16       011948
_MTOUCH_Sensor_Calibrate                                          text59       011DA0
_MTOUCH_Sensor_Enable                                             text19       011D28
_MTOUCH_Sensor_Initialize                                         text18       011462
_MTOUCH_Sensor_InitializeAll                                      text17       011A38
_MTOUCH_Sensor_RawSample_Get                                      text65       011AA8
_MTOUCH_Sensor_SampleAll                                          text33       011886
_MTOUCH_Sensor_Sampled_ResetAll                                   text31       011C44
_MTOUCH_Sensor_Scan_Initialize                                    text15       01202C
_MTOUCH_Sensor_Service                                            text75       011552
_MTOUCH_Sensor_isCalibrated                                       text54       011B48
_MTOUCH_Sensor_isEnabled                                          text38       011AE0
_MTOUCH_Sensor_isSampling                                         text50       012038
_MTOUCH_Sensor_wasSampled                                         text53       011B14
_MTOUCH_Service_Mainloop                                          text26       011D50
_MTOUCH_Tick                                                      text28       012032
_MTOUCH_needReburst                                               text27       012004
_ODCONA                                                           (abs)        000E90
_ODCONB                                                           (abs)        000E98
_ODCONC                                                           (abs)        000EA0
_ODCOND                                                           (abs)        000EA5
_ODCONE                                                           (abs)        000EAD
_ODCONF                                                           (abs)        000EB2
_ODCONG                                                           (abs)        000EBA
_ODCONH                                                           (abs)        000EBF
_OSCCON1                                                          (abs)        000E43
_OSCCON3                                                          (abs)        000E45
_OSCEN                                                            (abs)        000E47
_OSCFRQ                                                           (abs)        000E49
_OSCILLATOR_Initialize                                            text13       011F22
_OSCTUNE                                                          (abs)        000E48
_PIE1bits                                                         (abs)        000E2A
_PIE3bits                                                         (abs)        000E2C
_PIN_MANAGER_Initialize                                           text12       01121C
_PIR1bits                                                         (abs)        000E34
_PIR3bits                                                         (abs)        000E36
_PMD0                                                             (abs)        000E4C
_PMD1                                                             (abs)        000E4D
_PMD2                                                             (abs)        000E4E
_PMD3                                                             (abs)        000E4F
_PMD4                                                             (abs)        000E50
_PMD5                                                             (abs)        000E51
_PMD_Initialize                                                   text11       011E9E
_RC2REG                                                           (abs)        000EF1
_RC2STA                                                           (abs)        000EF5
_RC2STAbits                                                       (abs)        000EF5
_RG7PPS                                                           (abs)        000E89
_RX2PPSbits                                                       (abs)        000E11
_SP2BRGH                                                          (abs)        000EF4
_SP2BRGL                                                          (abs)        000EF3
_SYSTEM_Initialize                                                text10       011EBA
_Sensor_DefaultCallback                                           text47       01203C
_Sensor_FrequencyHopping                                          text39       011E16
_Sensor_FrequencyHopping_Autotune_Process                         text48       01041A
_Sensor_RawSample_Update                                          text45       011838
_Sensor_Sampled_Reset                                             text32       011F7C
_Sensor_SetTrisBit                                                text37       0115C2
_Sensor_autoCalibration                                           text82       0109AE
_Sensor_isCalibrated                                              text36       011EEE
_Sensor_isCalibratingAcqTime                                      text35       011ED4
_Sensor_isEnabled                                                 text44       011DF0
_Sensor_postAcquisitionProcess                                    text41       010EFA
_Sensor_scheduleNextScan                                          text34       0105A6
_Sensor_setActive                                                 text43       011FA0
_Sensor_setCalibratAcqTime                                        text86       011C74
_Sensor_setCalibrated                                             text85       011E80
_Sensor_setInactive                                               text42       011F8E
_Sensor_setSamplePeriod                                           text40       011E5E
_Sensor_setSampled                                                text81       011FB2
_TRISA                                                            (abs)        000F81
_TRISB                                                            (abs)        000F82
_TRISC                                                            (abs)        000F83
_TRISD                                                            (abs)        000F84
_TRISE                                                            (abs)        000F85
_TRISEbits                                                        (abs)        000F85
_TRISF                                                            (abs)        000F86
_TRISG                                                            (abs)        000F87
_TRISH                                                            (abs)        000F88
_TX2REG                                                           (abs)        000EF2
_TX2STA                                                           (abs)        000EF6
_TX2STAbits                                                       (abs)        000EF6
_WPUA                                                             (abs)        000E91
_WPUB                                                             (abs)        000E99
_WPUC                                                             (abs)        000EA1
_WPUD                                                             (abs)        000EA6
_WPUE                                                             (abs)        000EAE
_WPUEbits                                                         (abs)        000EAE
_WPUF                                                             (abs)        000EB3
_WPUG                                                             (abs)        000EBB
_WPUH                                                             (abs)        000EC0
__CFG_BOREN$SBORDIS                                               (abs)        000000
__CFG_BORV$VBOR_190                                               (abs)        000000
__CFG_CLKOUTEN$OFF                                                (abs)        000000
__CFG_CP$OFF                                                      (abs)        000000
__CFG_CPD$OFF                                                     (abs)        000000
__CFG_CSWEN$ON                                                    (abs)        000000
__CFG_DEBUG$OFF                                                   (abs)        000000
__CFG_EBTR0$OFF                                                   (abs)        000000
__CFG_EBTR1$OFF                                                   (abs)        000000
__CFG_EBTR2$OFF                                                   (abs)        000000
__CFG_EBTR3$OFF                                                   (abs)        000000
__CFG_EBTR4$OFF                                                   (abs)        000000
__CFG_EBTR5$OFF                                                   (abs)        000000
__CFG_EBTR6$OFF                                                   (abs)        000000
__CFG_EBTR7$OFF                                                   (abs)        000000
__CFG_EBTRB$OFF                                                   (abs)        000000
__CFG_FCMEN$ON                                                    (abs)        000000
__CFG_FEXTOSC$OFF                                                 (abs)        000000
__CFG_LPBOREN$OFF                                                 (abs)        000000
__CFG_LVP$OFF                                                     (abs)        000000
__CFG_MCLRE$EXTMCLR                                               (abs)        000000
__CFG_PPS1WAY$OFF                                                 (abs)        000000
__CFG_PWRTE$OFF                                                   (abs)        000000
__CFG_RSTOSC$HFINTOSC_1MHZ                                        (abs)        000000
__CFG_SCANE$ON                                                    (abs)        000000
__CFG_STVREN$ON                                                   (abs)        000000
__CFG_WDTCCS$SC                                                   (abs)        000000
__CFG_WDTCPS$WDTCPS_31                                            (abs)        000000
__CFG_WDTCWS$WDTCWS_7                                             (abs)        000000
__CFG_WDTE$OFF                                                    (abs)        000000
__CFG_WRT0$OFF                                                    (abs)        000000
__CFG_WRT1$OFF                                                    (abs)        000000
__CFG_WRT2$OFF                                                    (abs)        000000
__CFG_WRT3$OFF                                                    (abs)        000000
__CFG_WRT4$OFF                                                    (abs)        000000
__CFG_WRT5$OFF                                                    (abs)        000000
__CFG_WRT6$OFF                                                    (abs)        000000
__CFG_WRT7$OFF                                                    (abs)        000000
__CFG_WRTB$OFF                                                    (abs)        000000
__CFG_WRTC$OFF                                                    (abs)        000000
__CFG_WRTD$OFF                                                    (abs)        000000
__CFG_XINST$OFF                                                   (abs)        000000
__CFG_ZCD$OFF                                                     (abs)        000000
__HRAM                                                            (abs)        000000
__Habs1                                                           abs1         000000
__Hbank0                                                          bank0        000000
__Hbank1                                                          bank1        000000
__Hbank10                                                         bank10       000000
__Hbank11                                                         bank11       000000
__Hbank12                                                         bank12       000000
__Hbank13                                                         bank13       000000
__Hbank2                                                          bank2        000000
__Hbank3                                                          bank3        000000
__Hbank4                                                          bank4        000000
__Hbank5                                                          bank5        000000
__Hbank6                                                          bank6        000000
__Hbank7                                                          bank7        000000
__Hbank8                                                          bank8        000000
__Hbank9                                                          bank9        000000
__Hbigbss                                                         bigbss       000000
__Hbigdata                                                        bigdata      000000
__Hbigram                                                         bigram       000000
__Hbss                                                            bss          000000
__HbssBANK0                                                       bssBANK0     000000
__HbssBANK1                                                       bssBANK1     000000
__HbssBANK2                                                       bssBANK2     000000
__HbssCOMRAM                                                      bssCOMRAM    000000
__Hcinit                                                          cinit        000000
__Hclrtext                                                        clrtext      000000
__Hcomram                                                         comram       000000
__Hconfig                                                         config       30000C
__Hconst                                                          const        000000
__HcstackBANK0                                                    cstackBANK0  000000
__HcstackCOMRAM                                                   cstackCOMRAM 000000
__Hdata                                                           data         000000
__HdataBANK0                                                      dataBANK0    000000
__HdataCOMRAM                                                     dataCOMRAM   000000
__Heeprom_data                                                    eeprom_data  000000
__Hfarbss                                                         farbss       000000
__Hfardata                                                        fardata      000000
__Hibigdata                                                       ibigdata     000000
__Hidata                                                          idata        000000
__HidataBANK0                                                     idataBANK0   000000
__HidataCOMRAM                                                    idataCOMRAM  000000
__Hidloc                                                          idloc        200010
__Hifardata                                                       ifardata     000000
__Hinit                                                           init         0000E8
__Hintcode                                                        intcode      0000E4
__Hintcode_body                                                   intcode_body 000000
__Hintcodelo                                                      intcodelo    0000E4
__Hintentry                                                       intentry     000000
__Hintret                                                         intret       000000
__Hintsave_regs                                                   intsave_regs 000000
__Hirdata                                                         irdata       000000
__Hmediumconst                                                    mediumconst  010000
__HnvBANK0                                                        nvBANK0      000000
__HnvCOMRAM                                                       nvCOMRAM     000000
__HnvFARRAM                                                       nvFARRAM     000000
__Hnvbit                                                          nvbit        000000
__Hnvrram                                                         nvrram       000000
__Hparam                                                          rparam       000000
__Hpowerup                                                        powerup      0000E4
__Hram                                                            ram          000000
__Hramtop                                                         ramtop       000E00
__Hrbit                                                           rbit         000000
__Hrbss                                                           rbss         000000
__Hrdata                                                          rdata        000000
__Hreset_vec                                                      reset_vec    000004
__Hrparam                                                         rparam       000000
__Hsfr                                                            sfr          000000
__Hsmallconst                                                     smallconst   000000
__Hspace_0                                                        (abs)        30000C
__Hspace_1                                                        (abs)        000240
__Hspace_2                                                        (abs)        000000
__Hstack                                                          stack        000000
__Hstruct                                                         struct       000000
__Htemp                                                           temp         000047
__Htext                                                           text         000000
__Htext0                                                          text0        000000
__Htext1                                                          text1        000000
__Htext10                                                         text10       000000
__Htext11                                                         text11       000000
__Htext12                                                         text12       000000
__Htext13                                                         text13       000000
__Htext14                                                         text14       000000
__Htext15                                                         text15       000000
__Htext16                                                         text16       000000
__Htext17                                                         text17       000000
__Htext18                                                         text18       000000
__Htext19                                                         text19       000000
__Htext2                                                          text2        000000
__Htext20                                                         text20       000000
__Htext21                                                         text21       000000
__Htext22                                                         text22       000000
__Htext23                                                         text23       000000
__Htext24                                                         text24       000000
__Htext25                                                         text25       000000
__Htext26                                                         text26       000000
__Htext27                                                         text27       000000
__Htext28                                                         text28       000000
__Htext29                                                         text29       000000
__Htext3                                                          text3        000000
__Htext30                                                         text30       000000
__Htext31                                                         text31       000000
__Htext32                                                         text32       000000
__Htext33                                                         text33       000000
__Htext34                                                         text34       000000
__Htext35                                                         text35       000000
__Htext36                                                         text36       000000
__Htext37                                                         text37       000000
__Htext38                                                         text38       000000
__Htext39                                                         text39       000000
__Htext4                                                          text4        000000
__Htext40                                                         text40       000000
__Htext41                                                         text41       000000
__Htext42                                                         text42       000000
__Htext43                                                         text43       000000
__Htext44                                                         text44       000000
__Htext45                                                         text45       000000
__Htext46                                                         text46       000000
__Htext47                                                         text47       000000
__Htext48                                                         text48       000000
__Htext49                                                         text49       000000
__Htext5                                                          text5        000000
__Htext50                                                         text50       000000
__Htext51                                                         text51       000000
__Htext52                                                         text52       000000
__Htext53                                                         text53       000000
__Htext54                                                         text54       000000
__Htext55                                                         text55       000000
__Htext56                                                         text56       000000
__Htext57                                                         text57       000000
__Htext58                                                         text58       000000
__Htext59                                                         text59       000000
__Htext6                                                          text6        000000
__Htext60                                                         text60       000000
__Htext61                                                         text61       000000
__Htext62                                                         text62       000000
__Htext63                                                         text63       000000
__Htext64                                                         text64       000000
__Htext65                                                         text65       000000
__Htext66                                                         text66       000000
__Htext67                                                         text67       000000
__Htext69                                                         text69       000000
__Htext7                                                          text7        000000
__Htext70                                                         text70       000000
__Htext71                                                         text71       000000
__Htext72                                                         text72       000000
__Htext73                                                         text73       000000
__Htext74                                                         text74       000000
__Htext75                                                         text75       000000
__Htext76                                                         text76       000000
__Htext77                                                         text77       000000
__Htext78                                                         text78       000000
__Htext79                                                         text79       000000
__Htext8                                                          text8        000000
__Htext80                                                         text80       000000
__Htext81                                                         text81       000000
__Htext82                                                         text82       000000
__Htext83                                                         text83       000000
__Htext84                                                         text84       000000
__Htext85                                                         text85       000000
__Htext86                                                         text86       000000
__Htext87                                                         text87       000000
__Htext9                                                          text9        000000
__LRAM                                                            (abs)        000001
__Labs1                                                           abs1         000000
__Lbank0                                                          bank0        000000
__Lbank1                                                          bank1        000000
__Lbank10                                                         bank10       000000
__Lbank11                                                         bank11       000000
__Lbank12                                                         bank12       000000
__Lbank13                                                         bank13       000000
__Lbank2                                                          bank2        000000
__Lbank3                                                          bank3        000000
__Lbank4                                                          bank4        000000
__Lbank5                                                          bank5        000000
__Lbank6                                                          bank6        000000
__Lbank7                                                          bank7        000000
__Lbank8                                                          bank8        000000
__Lbank9                                                          bank9        000000
__Lbigbss                                                         bigbss       000000
__Lbigdata                                                        bigdata      000000
__Lbigram                                                         bigram       000000
__Lbss                                                            bss          000000
__LbssBANK0                                                       bssBANK0     000000
__LbssBANK1                                                       bssBANK1     000000
__LbssBANK2                                                       bssBANK2     000000
__LbssCOMRAM                                                      bssCOMRAM    000000
__Lcinit                                                          cinit        000000
__Lclrtext                                                        clrtext      000000
__Lcomram                                                         comram       000000
__Lconfig                                                         config       300000
__Lconst                                                          const        000000
__LcstackBANK0                                                    cstackBANK0  000000
__LcstackCOMRAM                                                   cstackCOMRAM 000000
__Ldata                                                           data         000000
__LdataBANK0                                                      dataBANK0    000000
__LdataCOMRAM                                                     dataCOMRAM   000000
__Leeprom_data                                                    eeprom_data  000000
__Lfarbss                                                         farbss       000000
__Lfardata                                                        fardata      000000
__Libigdata                                                       ibigdata     000000
__Lidata                                                          idata        000000
__LidataBANK0                                                     idataBANK0   000000
__LidataCOMRAM                                                    idataCOMRAM  000000
__Lidloc                                                          idloc        200000
__Lifardata                                                       ifardata     000000
__Linit                                                           init         0000E4
__Lintcode                                                        intcode      000008
__Lintcode_body                                                   intcode_body 000000
__Lintcodelo                                                      intcodelo    0000E4
__Lintentry                                                       intentry     000000
__Lintret                                                         intret       000000
__Lintsave_regs                                                   intsave_regs 000000
__Lirdata                                                         irdata       000000
__Lmediumconst                                                    mediumconst  00FD3E
__LnvBANK0                                                        nvBANK0      000000
__LnvCOMRAM                                                       nvCOMRAM     000000
__LnvFARRAM                                                       nvFARRAM     000000
__Lnvbit                                                          nvbit        000000
__Lnvrram                                                         nvrram       000000
__Lparam                                                          rparam       000000
__Lpowerup                                                        powerup      0000E4
__Lram                                                            ram          000000
__Lramtop                                                         ramtop       000E00
__Lrbit                                                           rbit         000000
__Lrbss                                                           rbss         000000
__Lrdata                                                          rdata        000000
__Lreset_vec                                                      reset_vec    000000
__Lrparam                                                         rparam       000000
__Lsfr                                                            sfr          000000
__Lsmallconst                                                     smallconst   000000
__Lspace_0                                                        (abs)        000000
__Lspace_1                                                        (abs)        000000
__Lspace_2                                                        (abs)        000000
__Lstack                                                          stack        000000
__Lstruct                                                         struct       000000
__Ltemp                                                           temp         000046
__Ltext                                                           text         000000
__Ltext0                                                          text0        000000
__Ltext1                                                          text1        000000
__Ltext10                                                         text10       000000
__Ltext11                                                         text11       000000
__Ltext12                                                         text12       000000
__Ltext13                                                         text13       000000
__Ltext14                                                         text14       000000
__Ltext15                                                         text15       000000
__Ltext16                                                         text16       000000
__Ltext17                                                         text17       000000
__Ltext18                                                         text18       000000
__Ltext19                                                         text19       000000
__Ltext2                                                          text2        000000
__Ltext20                                                         text20       000000
__Ltext21                                                         text21       000000
__Ltext22                                                         text22       000000
__Ltext23                                                         text23       000000
__Ltext24                                                         text24       000000
__Ltext25                                                         text25       000000
__Ltext26                                                         text26       000000
__Ltext27                                                         text27       000000
__Ltext28                                                         text28       000000
__Ltext29                                                         text29       000000
__Ltext3                                                          text3        000000
__Ltext30                                                         text30       000000
__Ltext31                                                         text31       000000
__Ltext32                                                         text32       000000
__Ltext33                                                         text33       000000
__Ltext34                                                         text34       000000
__Ltext35                                                         text35       000000
__Ltext36                                                         text36       000000
__Ltext37                                                         text37       000000
__Ltext38                                                         text38       000000
__Ltext39                                                         text39       000000
__Ltext4                                                          text4        000000
__Ltext40                                                         text40       000000
__Ltext41                                                         text41       000000
__Ltext42                                                         text42       000000
__Ltext43                                                         text43       000000
__Ltext44                                                         text44       000000
__Ltext45                                                         text45       000000
__Ltext46                                                         text46       000000
__Ltext47                                                         text47       000000
__Ltext48                                                         text48       000000
__Ltext49                                                         text49       000000
__Ltext5                                                          text5        000000
__Ltext50                                                         text50       000000
__Ltext51                                                         text51       000000
__Ltext52                                                         text52       000000
__Ltext53                                                         text53       000000
__Ltext54                                                         text54       000000
__Ltext55                                                         text55       000000
__Ltext56                                                         text56       000000
__Ltext57                                                         text57       000000
__Ltext58                                                         text58       000000
__Ltext59                                                         text59       000000
__Ltext6                                                          text6        000000
__Ltext60                                                         text60       000000
__Ltext61                                                         text61       000000
__Ltext62                                                         text62       000000
__Ltext63                                                         text63       000000
__Ltext64                                                         text64       000000
__Ltext65                                                         text65       000000
__Ltext66                                                         text66       000000
__Ltext67                                                         text67       000000
__Ltext69                                                         text69       000000
__Ltext7                                                          text7        000000
__Ltext70                                                         text70       000000
__Ltext71                                                         text71       000000
__Ltext72                                                         text72       000000
__Ltext73                                                         text73       000000
__Ltext74                                                         text74       000000
__Ltext75                                                         text75       000000
__Ltext76                                                         text76       000000
__Ltext77                                                         text77       000000
__Ltext78                                                         text78       000000
__Ltext79                                                         text79       000000
__Ltext8                                                          text8        000000
__Ltext80                                                         text80       000000
__Ltext81                                                         text81       000000
__Ltext82                                                         text82       000000
__Ltext83                                                         text83       000000
__Ltext84                                                         text84       000000
__Ltext85                                                         text85       000000
__Ltext86                                                         text86       000000
__Ltext87                                                         text87       000000
__Ltext9                                                          text9        000000
__S0                                                              (abs)        30000C
__S1                                                              (abs)        000240
__S2                                                              (abs)        000000
___inthi_sp                                                       stack        000000
___intlo_sp                                                       stack        000000
___param_bank                                                     (abs)        000000
___rparam_used                                                    (abs)        000001
___sp                                                             stack        000000
__accesstop                                                       (abs)        000060
__activetblptr                                                    (abs)        000003
__end_of_ADCC_ThresholdISR_mTouch                                 text74       012022
__end_of_Button_Baseline_Initialize                               text62       0116EA
__end_of_Button_Baseline_Update                                   text61       010E0E
__end_of_Button_DefaultCallback                                   text60       012040
__end_of_Button_Deviation_Update                                  text66       010D0E
__end_of_Button_Reading_Update                                    text63       011E5E
__end_of_Button_Reading_Update_Helper                             text64       01121C
__end_of_Button_Service                                           text52       011174
__end_of_Button_State_Initializing                                text56       0110B0
__end_of_Button_State_NotPressed                                  text55       010862
__end_of_Button_State_Pressed                                     text57       010EFA
__end_of_Button_Tick_helper                                       text30       01179A
__end_of_EUSART2_Initialize                                       text23       011748
__end_of_EUSART2_Read                                             text5        0119C2
__end_of_EUSART2_Receive_ISR                                      text70       011350
__end_of_EUSART2_SetRxInterruptHandler                            text25       011FEC
__end_of_EUSART2_SetTxInterruptHandler                            text24       011FDE
__end_of_EUSART2_Transmit_ISR                                     text69       011BE0
__end_of_EUSART2_Write                                            text9        011948
[...]
		i2_Sensor_scheduleNextScan
 This function uses a non-reentrant model


 *************** function i2_Sensor_SetTrisBit *****************
 Defined at:
		line 222 in file "mcc_generated_files/mtouch/mtouch_sensor.c"
 Parameters:    Size  Location     Type
  sensor          1    wreg     enum E17513
  TrisBit         1    0[COMRAM] unsigned char 
 Auto vars:     Size  Location     Type
  sensor          1    1[COMRAM] enum E17513
 Return value:  Size  Location     Type
                  1    wreg      void 
 Registers used:
		wreg, status,2, status,0
 Tracked objects:
		On entry : 
		On exit  : 
		Unchanged: 
 Data sizes:     COMRAM   BANK0   BANK1   BANK2   BANK3   BANK4   BANK5   BANK6   BANK7   BANK8   BANK9  BANK10  BANK11  BANK12  BANK13
      Params:         1       0       0       0       0       0       0       0       0       0       0       0       0       0       0
      Locals:         1       0       0       0       0       0       0       0       0       0       0       0       0       0       0
      Temps:          0       0       0       0       0       0       0       0       0       0       0       0       0       0       0
      Totals:         2       0       0       0       0       0       0       0       0       0       0       0       0       0       0
Total ram usage:        2 bytes
 Hardware stack levels used:    1
 This function calls:
		Nothing
 This function is called by:
		_MTOUCH_Sensor_Service
		i2_Sensor_scheduleNextScan
 This function uses a non-reentrant model


 *************** function i2_MTOUCH_Sensor_wasSampled *****************
 Defined at:
		line 820 in file "mcc_generated_files/mtouch/mtouch_sensor.c"
 Parameters:    Size  Location     Type
  sensor          1    wreg     enum E17513
 Auto vars:     Size  Location     Type
  sensor          1    0[COMRAM] enum E17513
 Return value:  Size  Location     Type
                  1    wreg      unsigned char 
 Registers used:
		wreg, fsr2l, fsr2h, status,2, status,0, prodl, prodh
 Tracked objects:
		On entry : 
		On exit  : 
		Unchanged: 
 Data sizes:     COMRAM   BANK0   BANK1   BANK2   BANK3   BANK4   BANK5   BANK6   BANK7   BANK8   BANK9  BANK10  BANK11  BANK12  BANK13
      Params:         0       0       0       0       0       0       0       0       0       0       0       0       0       0       0
      Locals:         1       0       0       0       0       0       0       0       0       0       0       0       0       0       0
      Temps:          0       0       0       0       0       0       0       0       0       0       0       0       0       0       0
      Totals:         1       0       0       0       0       0       0       0       0       0       0       0       0       0       0
Total ram usage:        1 bytes
 Hardware stack levels used:    1
 This function calls:
		Nothing
 This function is called by:
		i2_Sensor_scheduleNextScan
 This function uses a non-reentrant model


 *************** function i2_MTOUCH_Sensor_isEnabled *****************
 Defined at:
		line 717 in file "mcc_generated_files/mtouch/mtouch_sensor.c"
 Parameters:    Size  Location     Type
  sensor          1    wreg     enum E17513
 Auto vars:     Size  Location     Type
  sensor          1    0[COMRAM] enum E17513
 Return value:  Size  Location     Type
                  1    wreg      unsigned char 
 Registers used:
		wreg, fsr2l, fsr2h, status,2, status,0, prodl, prodh
 Tracked objects:
		On entry : 
		On exit  : 
		Unchanged: 
 Data sizes:     COMRAM   BANK0   BANK1   BANK2   BANK3   BANK4   BANK5   BANK6   BANK7   BANK8   BANK9  BANK10  BANK11  BANK12  BANK13
      Params:         0       0       0       0       0       0       0       0       0       0       0       0       0       0       0
      Locals:         1       0       0       0       0       0       0       0       0       0       0       0       0       0       0
      Temps:          0       0       0       0       0       0       0       0       0       0       0       0       0       0       0
      Totals:         1       0       0       0       0       0       0       0       0       0       0       0       0       0       0
Total ram usage:        1 bytes
 Hardware stack levels used:    1
 This function calls:
		Nothing
 This function is called by:
		i2_Sensor_scheduleNextScan
 This function uses a non-reentrant model


 *************** function _Sensor_setSampled *****************
 Defined at:
		line 833 in file "mcc_generated_files/mtouch/mtouch_sensor.c"
 Parameters:    Size  Location     Type
  sensor          2    0[COMRAM] PTR struct .
		 -> mtouch_sensor(45), 
 Auto vars:     Size  Location     Type
		None
 Return value:  Size  Location     Type
                  1    wreg      void 
 Registers used:
		wreg, fsr2l, fsr2h, status,2, status,0
 Tracked objects:
		On entry : 
		On exit  : 
		Unchanged: 
 Data sizes:     COMRAM   BANK0   BANK1   BANK2   BANK3   BANK4   BANK5   BANK6   BANK7   BANK8   BANK9  BANK10  BANK11  BANK12  BANK13
      Params:         2       0       0       0       0       0       0       0       0       0       0       0       0       0       0
      Locals:         0       0       0       0       0       0       0       0       0       0       0       0       0       0       0
      Temps:          0       0       0       0       0       0       0       0       0       0       0       0       0       0       0
      Totals:         2       0       0       0       0       0       0       0       0       0       0       0       0       0       0
Total ram usage:        2 bytes
 Hardware stack levels used:    1
 This function calls:
		Nothing
 This function is called by:
		_MTOUCH_Sensor_Service
 This function uses a non-reentrant model


 *************** function _Sensor_autoCalibration *****************
 Defined at:
		line 402 in file "mcc_generated_files/mtouch/mtouch_sensor.c"
 Parameters:    Size  Location     Type
  sensor          2    4[COMRAM] PTR struct .
		 -> mtouch_sensor(45), 
 Auto vars:     Size  Location     Type
  name            1   12[COMRAM] enum E17513
 Return value:  Size  Location     Type
                  1    wreg      enum E17519
 Registers used:
		wreg, fsr2l, fsr2h, status,2, status,0, prodl, prodh, cstack
 Tracked objects:
		On entry : 
		On exit  : 
		Unchanged: 
 Data sizes:     COMRAM   BANK0   BANK1   BANK2   BANK3   BANK4   BANK5   BANK6   BANK7   BANK8   BANK9  BANK10  BANK11  BANK12  BANK13
      Params:         2       0       0       0       0       0       0       0       0       0       0       0       0       0       0
      Locals:         1       0       0       0       0       0       0       0       0       0       0       0       0       0       0
      Temps:          6       0       0       0       0       0       0       0       0       0       0       0       0       0       0
      Totals:         9       0       0       0       0       0       0       0       0       0       0       0       0       0       0
Total ram usage:        9 bytes
 Hardware stack levels used:    1
 Hardware stack levels required when called:    1
 This function calls:
		_Sensor_setCalibratAcqTime
		_Sensor_setCalibrated
		i2_Sensor_isCalibratingAcqTime
		i2_abs
 This function is called by:
		_MTOUCH_Sensor_Service
 This function uses a non-reentrant model


 *************** function i2_abs *****************
 Defined at:
		line 4 in file "C:\Program Files (x86)\Microchip\xc8\v1.45\sources\common\abs.c"
 Parameters:    Size  Location     Type
  a               2    0[COMRAM] int 
 Auto vars:     Size  Location     Type
		None
 Return value:  Size  Location     Type
                  2    0[COMRAM] int 
 Registers used:
		wreg, status,2, status,0
 Tracked objects:
		On entry : 
		On exit  : 
		Unchanged: 
 Data sizes:     COMRAM   BANK0   BANK1   BANK2   BANK3   BANK4   BANK5   BANK6   BANK7   BANK8   BANK9  BANK10  BANK11  BANK12  BANK13
      Params:         2       0       0       0       0       0       0       0       0       0       0       0       0       0       0
      Locals:         0       0       0       0       0       0       0       0       0       0       0       0       0       0       0
      Temps:          2       0       0       0       0       0       0       0       0       0       0       0       0       0       0
      Totals:         4       0       0       0       0       0       0       0       0       0       0       0       0       0       0
Total ram usage:        4 bytes
 Hardware stack levels used:    1
 This function calls:
		Nothing
 This function is called by:
		_Sensor_autoCalibration
 This function uses a non-reentrant model


 *************** function i2_Sensor_isCalibratingAcqTime *****************
 Defined at:
		line 798 in file "mcc_generated_files/mtouch/mtouch_sensor.c"
 Parameters:    Size  Location     Type
  sensor          2    0[COMRAM] PTR struct .
		 -> mtouch_sensor(45), 
 Auto vars:     Size  Location     Type
		None
 Return value:  Size  Location     Type
                  1    wreg      unsigned char 
 Registers used:
		wreg, fsr2l, fsr2h, status,2, status,0
 Tracked objects:
		On entry : 
		On exit  : 
		Unchanged: 
 Data sizes:     COMRAM   BANK0   BANK1   BANK2   BANK3   BANK4   BANK5   BANK6   BANK7   BANK8   BANK9  BANK10  BANK11  BANK12  BANK13
      Params:         2       0       0       0       0       0       0       0       0       0       0       0       0       0       0
      Locals:         0       0       0       0       0       0       0       0       0       0       0       0       0       0       0
      Temps:          0       0       0       0       0       0       0       0       0       0       0       0       0       0       0
      Totals:         2       0       0       0       0       0       0       0       0       0       0       0       0       0       0
Total ram usage:        2 bytes
 Hardware stack levels used:    1
 This function calls:
		Nothing
 This function is called by:
		_Sensor_autoCalibration
		i2_Sensor_scheduleNextScan
 This function uses a non-reentrant model


 *************** function _Sensor_setCalibrated *****************
 Defined at:
		line 785 in file "mcc_generated_files/mtouch/mtouch_sensor.c"
 Parameters:    Size  Location     Type
  sensor          2    0[COMRAM] PTR struct .
		 -> mtouch_sensor(45), 
 Auto vars:     Size  Location     Type
		None
 Return value:  Size  Location     Type
                  1    wreg      void 
 Registers used:
		wreg, fsr2l, fsr2h, status,2, status,0
 Tracked objects:
		On entry : 
		On exit  : 
		Unchanged: 
 Data sizes:     COMRAM   BANK0   BANK1   BANK2   BANK3   BANK4   BANK5   BANK6   BANK7   BANK8   BANK9  BANK10  BANK11  BANK12  BANK13
      Params:         2       0       0       0       0       0       0       0       0       0       0       0       0       0       0
      Locals:         0       0       0       0       0       0       0       0       0       0       0       0       0       0       0
      Temps:          0       0       0       0       0       0       0       0       0       0       0       0       0       0       0
      Totals:         2       0       0       0       0       0       0       0       0       0       0       0       0       0       0
Total ram usage:        2 bytes
 Hardware stack levels used:    1
 This function calls:
		Nothing
 This function is called by:
		_Sensor_autoCalibration
 This function uses a non-reentrant model


 *************** function _Sensor_setCalibratAcqTime *****************
 Defined at:
		line 791 in file "mcc_generated_files/mtouch/mtouch_sensor.c"
 Parameters:    Size  Location     Type
  sensor          2    0[COMRAM] PTR struct .
		 -> mtouch_sensor(45), 
 Auto vars:     Size  Location     Type
		None
 Return value:  Size  Location     Type
                  1    wreg      void 
 Registers used:
		wreg, fsr2l, fsr2h, status,2, status,0
 Tracked objects:
		On entry : 
		On exit  : 
		Unchanged: 
 Data sizes:     COMRAM   BANK0   BANK1   BANK2   BANK3   BANK4   BANK5   BANK6   BANK7   BANK8   BANK9  BANK10  BANK11  BANK12  BANK13
      Params:         2       0       0       0       0       0       0       0       0       0       0       0       0       0       0
      Locals:         0       0       0       0       0       0       0       0       0       0       0       0       0       0       0
      Temps:          0       0       0       0       0       0       0       0       0       0       0       0       0       0       0
      Totals:         2       0       0       0       0       0       0       0       0       0       0       0       0       0       0
Total ram usage:        2 bytes
 Hardware stack levels used:    1
 This function calls:
		Nothing
 This function is called by:
		_Sensor_autoCalibration
 This function uses a non-reentrant model



MODULE INFORMATION

Module		Function		Class		Link	Load	Size
mcc_generated_files/mtouch/mtouch_button.c
		_Button_Deviation_Update		CODE           	10BFC	0000	275
		_MTOUCH_Button_Initialize		CODE           	114DC	0000	119
		_Button_Tick_helper		CODE           	11748	0000	83
		_MTOUCH_Button_InitializeAll		CODE           	11A70	0000	57
		_Button_Baseline_Update		CODE           	10D0E	0000	257
		_Button_State_Pressed		CODE           	10E0E	0000	237
		_Button_Reading_Update		CODE           	11E3A	0000	37
		_Button_DefaultCallback		CODE           	1203E	0000	3
		_MTOUCH_Button_Tick		CODE           	11D78	0000	41
		_Button_State_NotPressed		CODE           	10710	0000	339
		_Button_Reading_Update_Helper		CODE           	11174	0000	169
		_Button_Service		CODE           	110B0	0000	197
		_Button_State_Initializing		CODE           	10FE4	0000	205
		_MTOUCH_Button_ServiceAll		CODE           	11F08	0000	27
		_MTOUCH_Button_State_Get		CODE           	11CD2	0000	45
		_Button_Baseline_Initialize		CODE           	1168A	0000	97

mcc_generated_files/mtouch/mtouch_button.c estimated size: 2188

mcc_generated_files/eusart2.c
		_putch         		CODE           	11FC2	0000	15
		_EUSART2_Read  		CODE           	11986	0000	61
		_EUSART2_Write 		CODE           	1190A	0000	63
		_EUSART2_Receive_ISR		CODE           	112B6	0000	155
		_EUSART2_Transmit_ISR		CODE           	11BAE	0000	51
		_EUSART2_SetRxInterruptHandler		CODE           	11FDE	0000	15
		_EUSART2_SetTxInterruptHandler		CODE           	11FD0	0000	15
		_EUSART2_Initialize		CODE           	116EA	0000	95

mcc_generated_files/eusart2.c estimated size: 470

C:\Program Files (x86)\Microchip\xc8\v1.45\sources\common\doprnt.c
		_printf        		CODE           	11B7C	0000	51

C:\Program Files (x86)\Microchip\xc8\v1.45\sources\common\doprnt.c estimated size: 51

mcc_generated_files/interrupt_manager.c
		_INTERRUPT_Initialize		CODE           	11FF8	0000	13
		_INTERRUPT_InterruptManagerHigh		CODE           	0008	0000	221

mcc_generated_files/interrupt_manager.c estimated size: 234

mcc_generated_files/mtouch/mtouch.c
		_MTOUCH_Tick   		CODE           	12032	0000	7
		_MTOUCH_Initialize		CODE           	11F6A	0000	19
		_MTOUCH_Service_Mainloop		CODE           	11D50	0000	41
		_MTOUCH_needReburst		CODE           	12004	0000	11

mcc_generated_files/mtouch/mtouch.c estimated size: 78

mcc_generated_files/pin_manager.c
		_PIN_MANAGER_Initialize		CODE           	1121C	0000	155

mcc_generated_files/pin_manager.c estimated size: 155

C:\Program Files (x86)\Microchip\xc8\v1.45\sources\common\memcpy.c
		_memcpy        		CODE           	117EA	0000	79

C:\Program Files (x86)\Microchip\xc8\v1.45\sources\common\memcpy.c estimated size: 79

shared
		i2_Sensor_scheduleNextScan		CODE           	10862	0000	333
		i2_printf      		CODE           	11CA4	0000	47
		i2_Sensor_isCalibrated		CODE           	11F3A	0000	25
		i2_abs         		CODE           	11DC8	0000	41
		i2_putch       		CODE           	1200E	0000	11
		i2_Sensor_isCalibratingAcqTime		CODE           	11F52	0000	25
		__initialization		CODE           	113E8	0000	113
		_mtouch_button_init		MEDIUMCONST    	FD3F	0000	81
		_mtouch_sensor_init		MEDIUMCONST    	FD8F	0000	46
		i2_EUSART2_Write		CODE           	119C2	0000	61
		i2_Sensor_SetTrisBit		CODE           	11628	0000	99
		i2_MTOUCH_Sensor_wasSampled		CODE           	11BE0	0000	51
		i2_MTOUCH_Sensor_isEnabled		CODE           	11C12	0000	51

shared estimated size: 984

mcc_generated_files/mcc.c
		_PMD_Initialize		CODE           	11E9E	0000	29
		_OSCILLATOR_Initialize		CODE           	11F22	0000	25
		_SYSTEM_Initialize		CODE           	11EBA	0000	27

mcc_generated_files/mcc.c estimated size: 81

ring_buffer_interface.c
		_ringBufferPull		CODE           	10AE2	0000	283
		_printResetMessage		CODE           	119FE	0000	59

ring_buffer_interface.c estimated size: 342

C:\Program Files (x86)\Microchip\xc8\v1.45\sources\common\abs.c
		_abs           		CODE           	11CFE	0000	43

C:\Program Files (x86)\Microchip\xc8\v1.45\sources\common\abs.c estimated size: 43

ring_buffer_LUT.c
		_ringBufferLUT 		CODE           	10254	0000	455

ring_buffer_LUT.c estimated size: 455

main.c
		_main          		CODE           	11350	0000	153

main.c estimated size: 153

C:\Program Files (x86)\Microchip\xc8\v1.45\sources\common\strlen.c
		_strlen        		CODE           	118CC	0000	63

C:\Program Files (x86)\Microchip\xc8\v1.45\sources\common\strlen.c estimated size: 63

C:\Program Files (x86)\Microchip\xc8\v1.45\sources\common\strcmp.c
		_strcmp        		CODE           	1179A	0000	81

C:\Program Files (x86)\Microchip\xc8\v1.45\sources\common\strcmp.c estimated size: 81

mcc_generated_files/mtouch/mtouch_sensor.c
		_Sensor_setCalibrated		CODE           	11E80	0000	31
		_MTOUCH_Sensor_isEnabled		CODE           	11AE0	0000	53
		_Sensor_postAcquisitionProcess		CODE           	10EFA	0000	235
		_Sensor_FrequencyHopping_Autotune_Process		CODE           	1041A	0000	397
		_Sensor_isCalibrated		CODE           	11EEE	0000	27
		_MTOUCH_Sensor_Initialize		CODE           	11462	0000	123
		_Sensor_scheduleNextScan		CODE           	105A6	0000	363
		_Sensor_Sampled_Reset		CODE           	11F7C	0000	19
		_MTOUCH_Sensor_InitializeAll		CODE           	11A38	0000	57
		_MTOUCH_Sensor_Service		CODE           	11552	0000	113
		_Sensor_DefaultCallback		CODE           	1203C	0000	3
		_MTOUCH_Sensor_ADCC_Initialize		CODE           	11948	0000	63
		_medianFilter  		CODE           	10000	0000	597
		_Sensor_isEnabled		CODE           	11DF0	0000	39
		_MTOUCH_Sensor_isCalibrated		CODE           	11B48	0000	53
		_MTOUCH_Sensor_Calibrate		CODE           	11DA0	0000	41
		_MTOUCH_Sensor_Sampled_ResetAll		CODE           	11C44	0000	49
		_Sensor_setActive		CODE           	11FA0	0000	19
		_MTOUCH_Sensor_Enable		CODE           	11D28	0000	41
		_Sensor_setSampled		CODE           	11FB2	0000	17
		_Sensor_isCalibratingAcqTime		CODE           	11ED4	0000	27
		_MTOUCH_Sensor_RawSample_Get		CODE           	11AA8	0000	57
		_MTOUCH_Sensor_SampleAll		CODE           	11886	0000	71
		_MTOUCH_Sensor_wasSampled		CODE           	11B14	0000	53
		_Sensor_SetTrisBit		CODE           	115C2	0000	103
		_Sensor_autoCalibration		CODE           	109AE	0000	309
		_MTOUCH_Sensor_Scan_Initialize		CODE           	1202C	0000	7
		_ADCC_ThresholdISR_mTouch		CODE           	12018	0000	11
		_Sensor_RawSample_Update		CODE           	11838	0000	79
		_MTOUCH_Sensor_isSampling		CODE           	12038	0000	5
		_Sensor_setCalibratAcqTime		CODE           	11C74	0000	49
		_Sensor_setSamplePeriod		CODE           	11E5E	0000	35
		_Sensor_FrequencyHopping		CODE           	11E16	0000	37
		_Sensor_setInactive		CODE           	11F8E	0000	19

mcc_generated_files/mtouch/mtouch_sensor.c estimated size: 3202

